We recommend using the xeon partition (rather than general or himem) to run this application (hisat2)
perl: warning: Setting locale failed.
perl: warning: Please check that your locale settings:
	LANGUAGE = (unset),
	LC_ALL = (unset),
	LANG = "C.UTF-8"
    are supported and installed on your system.
perl: warning: Falling back to the standard locale ("C").
33074365 reads; of these:
  33074365 (100.00%) were paired; of these:
    633626 (1.92%) aligned concordantly 0 times
    30731213 (92.92%) aligned concordantly exactly 1 time
    1709526 (5.17%) aligned concordantly >1 times
    ----
    633626 pairs aligned concordantly 0 times; of these:
      36290 (5.73%) aligned discordantly 1 time
    ----
    597336 pairs aligned 0 times concordantly or discordantly; of these:
      1194672 mates make up the pairs; of these:
        663475 (55.54%) aligned 0 times
        480229 (40.20%) aligned exactly 1 time
        50968 (4.27%) aligned >1 times
99.00% overall alignment rate
[bam_sort_core] merging from 33 files and 1 in-memory blocks...
