We recommend using the xeon partition (rather than general or himem) to run this application (hisat2)
perl: warning: Setting locale failed.
perl: warning: Please check that your locale settings:
	LANGUAGE = (unset),
	LC_ALL = (unset),
	LANG = "C.UTF-8"
    are supported and installed on your system.
perl: warning: Falling back to the standard locale ("C").
34724387 reads; of these:
  34724387 (100.00%) were paired; of these:
    645813 (1.86%) aligned concordantly 0 times
    32225653 (92.80%) aligned concordantly exactly 1 time
    1852921 (5.34%) aligned concordantly >1 times
    ----
    645813 pairs aligned concordantly 0 times; of these:
      37104 (5.75%) aligned discordantly 1 time
    ----
    608709 pairs aligned 0 times concordantly or discordantly; of these:
      1217418 mates make up the pairs; of these:
        666123 (54.72%) aligned 0 times
        500262 (41.09%) aligned exactly 1 time
        51033 (4.19%) aligned >1 times
99.04% overall alignment rate
[bam_sort_core] merging from 35 files and 1 in-memory blocks...
