OpenJDK 64-Bit Server VM warning: ignoring option MaxPermSize=1024m; support was removed in 8.0

WARNING! The following chromosomes from reads are not found in annotations:
GL456366.1
GL456360.1
GL456382.1
JH584297.1
GL456368.1
JH584299.1
GL456211.1
GL456233.2
GL456212.1
GL456210.1
X
Y
GL456370.1
GL456239.1
10
11
12
13
14
GL456378.1
15
16
17
18
MT
19
*
GL456379.1
GL456359.1
1
JH584304.1
2
JH584301.1
JH584295.1
3
JH584296.1
4
5
JH584300.1
6
7
8
9
MU069434.1
MU069435.1
OpenJDK 64-Bit Server VM warning: ignoring option MaxPermSize=1024m; support was removed in 8.0

WARNING! The following chromosomes from reads are not found in annotations:
GL456366.1
GL456360.1
GL456382.1
JH584297.1
GL456368.1
JH584299.1
GL456211.1
GL456233.2
GL456210.1
X
Y
GL456370.1
10
11
12
13
14
GL456378.1
15
16
17
18
MT
19
*
GL456379.1
GL456359.1
1
JH584304.1
2
JH584301.1
JH584295.1
3
JH584296.1
4
5
JH584300.1
6
7
8
9
MU069434.1
MU069435.1
OpenJDK 64-Bit Server VM warning: ignoring option MaxPermSize=1024m; support was removed in 8.0

WARNING! The following chromosomes from reads are not found in annotations:
GL456366.1
GL456360.1
GL456382.1
JH584297.1
GL456368.1
GL456211.1
GL456233.2
GL456212.1
GL456210.1
X
Y
GL456392.1
GL456370.1
10
11
12
13
14
GL456378.1
15
16
17
18
MT
19
*
GL456379.1
GL456359.1
GL456221.1
1
JH584304.1
2
JH584301.1
JH584295.1
3
JH584296.1
4
5
JH584300.1
6
7
8
9
MU069434.1
MU069435.1
OpenJDK 64-Bit Server VM warning: ignoring option MaxPermSize=1024m; support was removed in 8.0

WARNING! The following chromosomes from reads are not found in annotations:
GL456366.1
GL456360.1
GL456382.1
JH584297.1
GL456368.1
GL456233.2
GL456212.1
X
Y
GL456370.1
GL456239.1
10
11
12
13
14
GL456378.1
15
16
17
18
MT
19
*
GL456379.1
GL456359.1
GL456221.1
1
JH584304.1
2
JH584301.1
JH584295.1
3
4
5
JH584300.1
6
7
8
9
MU069434.1
MU069435.1
OpenJDK 64-Bit Server VM warning: ignoring option MaxPermSize=1024m; support was removed in 8.0

WARNING! The following chromosomes from reads are not found in annotations:
GL456366.1
GL456360.1
GL456382.1
GL456368.1
GL456211.1
GL456233.2
GL456212.1
X
Y
GL456370.1
10
11
12
13
14
GL456378.1
15
16
17
18
MT
19
*
GL456379.1
GL456359.1
GL456221.1
1
JH584304.1
2
JH584301.1
JH584295.1
3
JH584302.1
4
5
JH584300.1
6
7
8
9
MU069434.1
MU069435.1
OpenJDK 64-Bit Server VM warning: ignoring option MaxPermSize=1024m; support was removed in 8.0

WARNING! The following chromosomes from reads are not found in annotations:
GL456366.1
GL456367.1
GL456360.1
GL456382.1
JH584297.1
GL456368.1
JH584298.1
GL456211.1
GL456233.2
GL456210.1
X
Y
GL456370.1
GL456239.1
10
11
12
13
14
GL456378.1
15
16
17
18
MT
19
*
GL456379.1
GL456359.1
GL456221.1
1
JH584304.1
2
JH584301.1
JH584295.1
3
4
5
JH584300.1
6
7
8
9
MU069434.1
MU069435.1
OpenJDK 64-Bit Server VM warning: ignoring option MaxPermSize=1024m; support was removed in 8.0

WARNING! The following chromosomes from reads are not found in annotations:
GL456366.1
GL456360.1
GL456382.1
JH584297.1
GL456368.1
JH584299.1
GL456211.1
GL456233.2
GL456212.1
GL456210.1
X
Y
GL456370.1
10
11
12
13
14
GL456378.1
15
16
17
18
MT
19
*
GL456379.1
GL456359.1
1
JH584304.1
2
JH584301.1
JH584295.1
3
JH584296.1
JH584302.1
4
5
JH584300.1
6
7
8
9
MU069434.1
MU069435.1
OpenJDK 64-Bit Server VM warning: ignoring option MaxPermSize=1024m; support was removed in 8.0

WARNING! The following chromosomes from reads are not found in annotations:
GL456366.1
GL456367.1
GL456360.1
GL456382.1
JH584297.1
GL456368.1
GL456211.1
GL456233.2
GL456212.1
X
Y
GL456370.1
10
11
12
13
14
GL456378.1
15
16
17
18
MT
19
*
GL456379.1
GL456359.1
1
JH584304.1
2
JH584301.1
JH584295.1
3
JH584296.1
JH584302.1
4
5
JH584300.1
6
7
8
9
MU069434.1
MU069435.1
OpenJDK 64-Bit Server VM warning: ignoring option MaxPermSize=1024m; support was removed in 8.0

WARNING! The following chromosomes from reads are not found in annotations:
GL456366.1
GL456360.1
GL456382.1
JH584297.1
GL456368.1
GL456211.1
GL456233.2
GL456212.1
X
Y
GL456370.1
10
11
12
13
14
GL456378.1
15
16
17
18
MT
19
*
GL456379.1
JH584303.1
1
JH584304.1
2
JH584301.1
JH584295.1
3
JH584296.1
4
5
JH584300.1
6
7
8
9
MU069434.1
MU069435.1
OpenJDK 64-Bit Server VM warning: ignoring option MaxPermSize=1024m; support was removed in 8.0

WARNING! The following chromosomes from reads are not found in annotations:
GL456366.1
GL456367.1
GL456360.1
GL456382.1
JH584297.1
GL456368.1
JH584298.1
JH584299.1
GL456211.1
GL456233.2
GL456212.1
GL456210.1
X
Y
GL456370.1
10
11
12
13
14
GL456378.1
15
16
17
18
MT
19
*
GL456379.1
GL456359.1
GL456221.1
1
JH584304.1
2
JH584301.1
JH584295.1
3
JH584296.1
4
5
JH584300.1
6
7
8
9
MU069434.1
MU069435.1
OpenJDK 64-Bit Server VM warning: ignoring option MaxPermSize=1024m; support was removed in 8.0

WARNING! The following chromosomes from reads are not found in annotations:
GL456366.1
GL456360.1
GL456382.1
JH584297.1
GL456368.1
JH584299.1
GL456233.2
GL456212.1
X
Y
GL456219.1
GL456370.1
10
11
12
13
14
GL456378.1
15
16
17
18
MT
19
*
GL456379.1
GL456359.1
GL456221.1
1
JH584304.1
2
JH584301.1
JH584295.1
3
JH584296.1
JH584302.1
4
5
JH584300.1
6
7
8
9
MU069434.1
MU069435.1
OpenJDK 64-Bit Server VM warning: ignoring option MaxPermSize=1024m; support was removed in 8.0

WARNING! The following chromosomes from reads are not found in annotations:
GL456366.1
GL456367.1
GL456360.1
GL456382.1
JH584297.1
GL456368.1
GL456211.1
GL456233.2
GL456212.1
X
Y
GL456370.1
10
11
12
13
14
GL456378.1
15
16
17
18
MT
19
*
GL456379.1
GL456359.1
GL456221.1
JH584303.1
1
JH584304.1
2
JH584301.1
JH584295.1
3
JH584296.1
4
5
JH584300.1
6
7
8
9
MU069434.1
MU069435.1
