xanadu-10
Wed Oct 29 13:23:11 EDT 2025
Java memory size is set to 8G
Launching application...

QualiMap v.2.2.1
Built on 2016-10-03 18:14

Selected tool: rnaseq
Initializing regions from ../../genome/Mus_musculus.GRCm39.115.gtf...

Initialized 100000 regions...
Initialized 200000 regions...
Initialized 300000 regions...
Initialized 400000 regions...
Initialized 500000 regions...
Initialized 600000 regions...
Initialized 700000 regions...
Initialized 800000 regions...
Initialized 900000 regions...
Initialized 1000000 regions...
Initialized 1100000 regions...
Initialized 1200000 regions...
Initialized 1300000 regions...
Initialized 1400000 regions...
Initialized 1500000 regions...
Initialized 1600000 regions...
Initialized 1700000 regions...
Initialized 1800000 regions...
Initialized 1900000 regions...
Initialized 2000000 regions...
Initialized 2100000 regions...
Initialized 2200000 regions...
Initialized 2300000 regions...
Initialized 2400000 regions...

Initialized 2476976 regions it total

Starting constructing transcripts for RNA-seq stats...
Finished constructing transcripts

Starting BAM file analysis

Analyzed 2500000 reads...
Analyzed 3000000 reads...
Analyzed 3500000 reads...
Analyzed 4000000 reads...
Analyzed 4500000 reads...
Analyzed 5000000 reads...
Analyzed 6000000 reads...
Analyzed 6500000 reads...
Analyzed 7000000 reads...
Analyzed 7500000 reads...
Analyzed 8000000 reads...
Analyzed 8500000 reads...
Analyzed 9000000 reads...
Analyzed 9500000 reads...
Analyzed 10000000 reads...
Analyzed 10500000 reads...
Analyzed 11000000 reads...
Analyzed 11500000 reads...
Analyzed 12000000 reads...
Analyzed 12500000 reads...
Analyzed 13500000 reads...
Analyzed 14000000 reads...
Analyzed 14500000 reads...
Analyzed 15000000 reads...
Analyzed 15500000 reads...
Analyzed 16000000 reads...
Analyzed 16500000 reads...
Analyzed 17000000 reads...
Analyzed 17500000 reads...
Analyzed 18000000 reads...
Analyzed 18500000 reads...
Analyzed 19000000 reads...
Analyzed 19500000 reads...
Analyzed 20000000 reads...
Analyzed 20500000 reads...
Analyzed 21000000 reads...
Analyzed 21500000 reads...
Analyzed 22000000 reads...
Analyzed 22500000 reads...
Analyzed 23000000 reads...
Analyzed 23500000 reads...
Analyzed 24000000 reads...
Analyzed 24500000 reads...
Analyzed 25000000 reads...
Analyzed 25500000 reads...
Analyzed 26000000 reads...
Analyzed 26500000 reads...
Analyzed 27000000 reads...
Analyzed 27500000 reads...
Analyzed 28000000 reads...
Analyzed 28500000 reads...
Analyzed 29000000 reads...
Analyzed 29500000 reads...
Analyzed 30000000 reads...
Analyzed 31000000 reads...
Analyzed 31500000 reads...
Analyzed 32000000 reads...
Analyzed 32500000 reads...
Analyzed 33000000 reads...
Analyzed 33500000 reads...
Analyzed 34000000 reads...
Analyzed 34500000 reads...
Analyzed 35000000 reads...
Analyzed 35500000 reads...
Analyzed 36000000 reads...
Analyzed 36500000 reads...
Analyzed 37000000 reads...
Analyzed 37500000 reads...
Analyzed 38000000 reads...
Analyzed 38500000 reads...
Analyzed 39000000 reads...
Analyzed 39500000 reads...
Analyzed 40000000 reads...
Analyzed 40500000 reads...
Analyzed 41000000 reads...
Analyzed 42000000 reads...
Analyzed 42500000 reads...
Analyzed 43000000 reads...
Analyzed 43500000 reads...
Analyzed 44000000 reads...
Analyzed 44500000 reads...
Analyzed 45000000 reads...
Analyzed 45500000 reads...
Analyzed 46000000 reads...
Analyzed 46500000 reads...
Analyzed 47000000 reads...
Analyzed 47500000 reads...
Analyzed 48000000 reads...
Analyzed 48500000 reads...
Analyzed 49000000 reads...
Analyzed 49500000 reads...
Analyzed 50000000 reads...
Analyzed 50500000 reads...
Analyzed 51000000 reads...
Analyzed 51500000 reads...
Analyzed 52000000 reads...
Analyzed 52500000 reads...
Analyzed 53000000 reads...
Analyzed 53500000 reads...
Analyzed 54000000 reads...
Analyzed 54500000 reads...
Analyzed 55000000 reads...
Analyzed 55500000 reads...
Analyzed 56500000 reads...
Analyzed 57000000 reads...
Analyzed 57500000 reads...
Analyzed 58000000 reads...
Analyzed 58500000 reads...
Analyzed 59000000 reads...
Analyzed 59500000 reads...
Analyzed 60000000 reads...
Analyzed 60500000 reads...
Analyzed 61000000 reads...
Analyzed 61500000 reads...
Analyzed 62000000 reads...
Analyzed 62500000 reads...
Analyzed 63000000 reads...
Analyzed 64000000 reads...
Analyzed 65000000 reads...
Analyzed 65500000 reads...
Analyzed 66000000 reads...
Analyzed 66500000 reads...
Analyzed 67500000 reads...
Analyzed 68000000 reads...
Analyzed 68500000 reads...
Analyzed 69000000 reads...
Analyzed 69500000 reads...
Analyzed 70000000 reads...
Analyzed 70500000 reads...
Analyzed 71000000 reads...
Analyzed 73500000 reads...

Processed 73794562 reads in total

BAM file analysis finished
Creating plots
Writing HTML report...
HTML report created successfully

Java memory size is set to 8G
Launching application...

QualiMap v.2.2.1
Built on 2016-10-03 18:14

Selected tool: rnaseq
Initializing regions from ../../genome/Mus_musculus.GRCm39.115.gtf...

Initialized 100000 regions...
Initialized 200000 regions...
Initialized 300000 regions...
Initialized 400000 regions...
Initialized 500000 regions...
Initialized 600000 regions...
Initialized 700000 regions...
Initialized 800000 regions...
Initialized 900000 regions...
Initialized 1000000 regions...
Initialized 1100000 regions...
Initialized 1200000 regions...
Initialized 1300000 regions...
Initialized 1400000 regions...
Initialized 1500000 regions...
Initialized 1600000 regions...
Initialized 1700000 regions...
Initialized 1800000 regions...
Initialized 1900000 regions...
Initialized 2000000 regions...
Initialized 2100000 regions...
Initialized 2200000 regions...
Initialized 2300000 regions...
Initialized 2400000 regions...

Initialized 2476976 regions it total

Starting constructing transcripts for RNA-seq stats...
Finished constructing transcripts

Starting BAM file analysis

Analyzed 2000000 reads...
Analyzed 2500000 reads...
Analyzed 3000000 reads...
Analyzed 3500000 reads...
Analyzed 4000000 reads...
Analyzed 4500000 reads...
Analyzed 5000000 reads...
Analyzed 5500000 reads...
Analyzed 6000000 reads...
Analyzed 6500000 reads...
Analyzed 7000000 reads...
Analyzed 7500000 reads...
Analyzed 8000000 reads...
Analyzed 9000000 reads...
Analyzed 9500000 reads...
Analyzed 10000000 reads...
Analyzed 10500000 reads...
Analyzed 11000000 reads...
Analyzed 11500000 reads...
Analyzed 12000000 reads...
Analyzed 12500000 reads...
Analyzed 13000000 reads...
Analyzed 13500000 reads...
Analyzed 14000000 reads...
Analyzed 14500000 reads...
Analyzed 15500000 reads...
Analyzed 16000000 reads...
Analyzed 16500000 reads...
Analyzed 17000000 reads...
Analyzed 17500000 reads...
Analyzed 18000000 reads...
Analyzed 18500000 reads...
Analyzed 19000000 reads...
Analyzed 19500000 reads...
Analyzed 20000000 reads...
Analyzed 20500000 reads...
Analyzed 21000000 reads...
Analyzed 21500000 reads...
Analyzed 22000000 reads...
Analyzed 22500000 reads...
Analyzed 23000000 reads...
Analyzed 23500000 reads...
Analyzed 24000000 reads...
Analyzed 24500000 reads...
Analyzed 25000000 reads...
Analyzed 25500000 reads...
Analyzed 26000000 reads...
Analyzed 26500000 reads...
Analyzed 27000000 reads...
Analyzed 27500000 reads...
Analyzed 28000000 reads...
Analyzed 28500000 reads...
Analyzed 29000000 reads...
Analyzed 29500000 reads...
Analyzed 30000000 reads...
Analyzed 30500000 reads...
Analyzed 31000000 reads...
Analyzed 31500000 reads...
Analyzed 32000000 reads...
Analyzed 32500000 reads...
Analyzed 33000000 reads...
Analyzed 34000000 reads...
Analyzed 34500000 reads...
Analyzed 35000000 reads...
Analyzed 35500000 reads...
Analyzed 36000000 reads...
Analyzed 36500000 reads...
Analyzed 37000000 reads...
Analyzed 37500000 reads...
Analyzed 38000000 reads...
Analyzed 38500000 reads...
Analyzed 39000000 reads...
Analyzed 39500000 reads...
Analyzed 40000000 reads...
Analyzed 40500000 reads...
Analyzed 41000000 reads...
Analyzed 41500000 reads...
Analyzed 42000000 reads...
Analyzed 42500000 reads...
Analyzed 43000000 reads...
Analyzed 43500000 reads...
Analyzed 44000000 reads...
Analyzed 44500000 reads...
Analyzed 45000000 reads...
Analyzed 45500000 reads...
Analyzed 46000000 reads...
Analyzed 46500000 reads...
Analyzed 47000000 reads...
Analyzed 47500000 reads...
Analyzed 48000000 reads...
Analyzed 48500000 reads...
Analyzed 49000000 reads...
Analyzed 49500000 reads...
Analyzed 50000000 reads...
Analyzed 50500000 reads...
Analyzed 51000000 reads...
Analyzed 52000000 reads...
Analyzed 52500000 reads...
Analyzed 53000000 reads...
Analyzed 53500000 reads...
Analyzed 54000000 reads...
Analyzed 54500000 reads...
Analyzed 55000000 reads...
Analyzed 55500000 reads...
Analyzed 56000000 reads...
Analyzed 56500000 reads...
Analyzed 57000000 reads...
Analyzed 57500000 reads...
Analyzed 58000000 reads...
Analyzed 58500000 reads...
Analyzed 59000000 reads...
Analyzed 59500000 reads...
Analyzed 60000000 reads...
Analyzed 60500000 reads...
Analyzed 61000000 reads...
Analyzed 62000000 reads...
Analyzed 62500000 reads...
Analyzed 63000000 reads...
Analyzed 65000000 reads...

Processed 65143175 reads in total

BAM file analysis finished
Creating plots
Writing HTML report...
HTML report created successfully

Java memory size is set to 8G
Launching application...

QualiMap v.2.2.1
Built on 2016-10-03 18:14

Selected tool: rnaseq
Initializing regions from ../../genome/Mus_musculus.GRCm39.115.gtf...

Initialized 100000 regions...
Initialized 200000 regions...
Initialized 300000 regions...
Initialized 400000 regions...
Initialized 500000 regions...
Initialized 600000 regions...
Initialized 700000 regions...
Initialized 800000 regions...
Initialized 900000 regions...
Initialized 1000000 regions...
Initialized 1100000 regions...
Initialized 1200000 regions...
Initialized 1300000 regions...
Initialized 1400000 regions...
Initialized 1500000 regions...
Initialized 1600000 regions...
Initialized 1700000 regions...
Initialized 1800000 regions...
Initialized 1900000 regions...
Initialized 2000000 regions...
Initialized 2100000 regions...
Initialized 2200000 regions...
Initialized 2300000 regions...
Initialized 2400000 regions...

Initialized 2476976 regions it total

Starting constructing transcripts for RNA-seq stats...
Finished constructing transcripts

Starting BAM file analysis

Analyzed 2500000 reads...
Analyzed 3000000 reads...
Analyzed 3500000 reads...
Analyzed 4000000 reads...
Analyzed 4500000 reads...
Analyzed 5000000 reads...
Analyzed 5500000 reads...
Analyzed 6000000 reads...
Analyzed 6500000 reads...
Analyzed 7000000 reads...
Analyzed 7500000 reads...
Analyzed 8000000 reads...
Analyzed 8500000 reads...
Analyzed 9000000 reads...
Analyzed 9500000 reads...
Analyzed 10000000 reads...
Analyzed 10500000 reads...
Analyzed 11500000 reads...
Analyzed 12000000 reads...
Analyzed 13000000 reads...
Analyzed 13500000 reads...
Analyzed 14000000 reads...
Analyzed 14500000 reads...
Analyzed 15000000 reads...
Analyzed 15500000 reads...
Analyzed 16000000 reads...
Analyzed 16500000 reads...
Analyzed 17000000 reads...
Analyzed 17500000 reads...
Analyzed 18000000 reads...
Analyzed 18500000 reads...
Analyzed 19000000 reads...
Analyzed 19500000 reads...
Analyzed 20000000 reads...
Analyzed 20500000 reads...
Analyzed 21000000 reads...
Analyzed 22000000 reads...
Analyzed 22500000 reads...
Analyzed 23500000 reads...
Analyzed 24000000 reads...
Analyzed 24500000 reads...
Analyzed 25000000 reads...
Analyzed 25500000 reads...
Analyzed 26000000 reads...
Analyzed 26500000 reads...
Analyzed 27000000 reads...
Analyzed 28000000 reads...
Analyzed 28500000 reads...
Analyzed 29000000 reads...
Analyzed 29500000 reads...
Analyzed 30000000 reads...
Analyzed 30500000 reads...
Analyzed 31000000 reads...
Analyzed 32000000 reads...
Analyzed 32500000 reads...
Analyzed 33000000 reads...
Analyzed 33500000 reads...
Analyzed 34000000 reads...
Analyzed 34500000 reads...
Analyzed 35000000 reads...
Analyzed 36000000 reads...
Analyzed 36500000 reads...
Analyzed 37500000 reads...
Analyzed 38000000 reads...
Analyzed 38500000 reads...
Analyzed 39000000 reads...
Analyzed 39500000 reads...
Analyzed 40000000 reads...
Analyzed 40500000 reads...
Analyzed 41000000 reads...
Analyzed 41500000 reads...
Analyzed 42000000 reads...
Analyzed 42500000 reads...
Analyzed 43000000 reads...
Analyzed 43500000 reads...
Analyzed 44000000 reads...
Analyzed 44500000 reads...
Analyzed 45000000 reads...
Analyzed 45500000 reads...
Analyzed 46000000 reads...
Analyzed 46500000 reads...
Analyzed 47000000 reads...
Analyzed 47500000 reads...
Analyzed 48500000 reads...
Analyzed 49000000 reads...
Analyzed 49500000 reads...
Analyzed 50000000 reads...
Analyzed 50500000 reads...
Analyzed 51000000 reads...
Analyzed 51500000 reads...
Analyzed 52500000 reads...
Analyzed 53000000 reads...
Analyzed 53500000 reads...
Analyzed 54000000 reads...
Analyzed 54500000 reads...
Analyzed 55000000 reads...
Analyzed 55500000 reads...
Analyzed 56000000 reads...
Analyzed 56500000 reads...
Analyzed 57000000 reads...
Analyzed 57500000 reads...
Analyzed 58000000 reads...
Analyzed 59000000 reads...
Analyzed 59500000 reads...
Analyzed 60000000 reads...
Analyzed 60500000 reads...
Analyzed 61000000 reads...
Analyzed 61500000 reads...
Analyzed 62000000 reads...
Analyzed 62500000 reads...
Analyzed 63000000 reads...
Analyzed 63500000 reads...
Analyzed 64000000 reads...
Analyzed 64500000 reads...
Analyzed 65000000 reads...
Analyzed 65500000 reads...
Analyzed 66000000 reads...
Analyzed 66500000 reads...
Analyzed 67000000 reads...
Analyzed 67500000 reads...
Analyzed 68000000 reads...
Analyzed 68500000 reads...
Analyzed 69000000 reads...
Analyzed 69500000 reads...
Analyzed 70000000 reads...
Analyzed 70500000 reads...
Analyzed 71000000 reads...
Analyzed 71500000 reads...
Analyzed 72000000 reads...
Analyzed 72500000 reads...
Analyzed 73000000 reads...
Analyzed 75500000 reads...

Processed 75783140 reads in total

BAM file analysis finished
Creating plots
Writing HTML report...
HTML report created successfully

Java memory size is set to 8G
Launching application...

QualiMap v.2.2.1
Built on 2016-10-03 18:14

Selected tool: rnaseq
Initializing regions from ../../genome/Mus_musculus.GRCm39.115.gtf...

Initialized 100000 regions...
Initialized 200000 regions...
Initialized 300000 regions...
Initialized 400000 regions...
Initialized 500000 regions...
Initialized 600000 regions...
Initialized 700000 regions...
Initialized 800000 regions...
Initialized 900000 regions...
Initialized 1000000 regions...
Initialized 1100000 regions...
Initialized 1200000 regions...
Initialized 1300000 regions...
Initialized 1400000 regions...
Initialized 1500000 regions...
Initialized 1600000 regions...
Initialized 1700000 regions...
Initialized 1800000 regions...
Initialized 1900000 regions...
Initialized 2000000 regions...
Initialized 2100000 regions...
Initialized 2200000 regions...
Initialized 2300000 regions...
Initialized 2400000 regions...

Initialized 2476976 regions it total

Starting constructing transcripts for RNA-seq stats...
Finished constructing transcripts

Starting BAM file analysis

Analyzed 2000000 reads...
Analyzed 2500000 reads...
Analyzed 3000000 reads...
Analyzed 3500000 reads...
Analyzed 4000000 reads...
Analyzed 4500000 reads...
Analyzed 5000000 reads...
Analyzed 6000000 reads...
Analyzed 6500000 reads...
Analyzed 7000000 reads...
Analyzed 7500000 reads...
Analyzed 8000000 reads...
Analyzed 8500000 reads...
Analyzed 9000000 reads...
Analyzed 9500000 reads...
Analyzed 10000000 reads...
Analyzed 10500000 reads...
Analyzed 11000000 reads...
Analyzed 11500000 reads...
Analyzed 12000000 reads...
Analyzed 12500000 reads...
Analyzed 13000000 reads...
Analyzed 13500000 reads...
Analyzed 14500000 reads...
Analyzed 15000000 reads...
Analyzed 16000000 reads...
Analyzed 16500000 reads...
Analyzed 17000000 reads...
Analyzed 17500000 reads...
Analyzed 18000000 reads...
Analyzed 18500000 reads...
Analyzed 19000000 reads...
Analyzed 19500000 reads...
Analyzed 20000000 reads...
Analyzed 20500000 reads...
Analyzed 21000000 reads...
Analyzed 21500000 reads...
Analyzed 22000000 reads...
Analyzed 22500000 reads...
Analyzed 23500000 reads...
Analyzed 24000000 reads...
Analyzed 24500000 reads...
Analyzed 25000000 reads...
Analyzed 25500000 reads...
Analyzed 26000000 reads...
Analyzed 26500000 reads...
Analyzed 27000000 reads...
Analyzed 27500000 reads...
Analyzed 28000000 reads...
Analyzed 28500000 reads...
Analyzed 29500000 reads...
Analyzed 30000000 reads...
Analyzed 30500000 reads...
Analyzed 31000000 reads...
Analyzed 31500000 reads...
Analyzed 32000000 reads...
Analyzed 32500000 reads...
Analyzed 33000000 reads...
Analyzed 33500000 reads...
Analyzed 34000000 reads...
Analyzed 34500000 reads...
Analyzed 35000000 reads...
Analyzed 35500000 reads...
Analyzed 36000000 reads...
Analyzed 37000000 reads...
Analyzed 37500000 reads...
Analyzed 38000000 reads...
Analyzed 38500000 reads...
Analyzed 39000000 reads...
Analyzed 39500000 reads...
Analyzed 40000000 reads...
Analyzed 41000000 reads...
Analyzed 41500000 reads...
Analyzed 42000000 reads...
Analyzed 42500000 reads...
Analyzed 43000000 reads...
Analyzed 43500000 reads...
Analyzed 44000000 reads...
Analyzed 44500000 reads...
Analyzed 45000000 reads...
Analyzed 45500000 reads...
Analyzed 46000000 reads...
Analyzed 46500000 reads...
Analyzed 47000000 reads...
Analyzed 47500000 reads...
Analyzed 48000000 reads...
Analyzed 48500000 reads...
Analyzed 49000000 reads...
Analyzed 49500000 reads...
Analyzed 50000000 reads...
Analyzed 50500000 reads...
Analyzed 51000000 reads...
Analyzed 52000000 reads...
Analyzed 52500000 reads...
Analyzed 53000000 reads...
Analyzed 53500000 reads...
Analyzed 54000000 reads...
Analyzed 54500000 reads...
Analyzed 55000000 reads...
Analyzed 56000000 reads...
Analyzed 56500000 reads...
Analyzed 57000000 reads...
Analyzed 57500000 reads...
Analyzed 58000000 reads...
Analyzed 58500000 reads...
Analyzed 59000000 reads...
Analyzed 59500000 reads...
Analyzed 60000000 reads...
Analyzed 60500000 reads...
Analyzed 61000000 reads...
Analyzed 61500000 reads...
Analyzed 62000000 reads...
Analyzed 62500000 reads...
Analyzed 63000000 reads...
Analyzed 63500000 reads...
Analyzed 64000000 reads...
Analyzed 65000000 reads...
Analyzed 66000000 reads...
Analyzed 66500000 reads...
Analyzed 67000000 reads...
Analyzed 67500000 reads...
Analyzed 70000000 reads...

Processed 70181227 reads in total

BAM file analysis finished
Creating plots
Writing HTML report...
HTML report created successfully

Java memory size is set to 8G
Launching application...

QualiMap v.2.2.1
Built on 2016-10-03 18:14

Selected tool: rnaseq
Initializing regions from ../../genome/Mus_musculus.GRCm39.115.gtf...

Initialized 100000 regions...
Initialized 200000 regions...
Initialized 300000 regions...
Initialized 400000 regions...
Initialized 500000 regions...
Initialized 600000 regions...
Initialized 700000 regions...
Initialized 800000 regions...
Initialized 900000 regions...
Initialized 1000000 regions...
Initialized 1100000 regions...
Initialized 1200000 regions...
Initialized 1300000 regions...
Initialized 1400000 regions...
Initialized 1500000 regions...
Initialized 1600000 regions...
Initialized 1700000 regions...
Initialized 1800000 regions...
Initialized 1900000 regions...
Initialized 2000000 regions...
Initialized 2100000 regions...
Initialized 2200000 regions...
Initialized 2300000 regions...
Initialized 2400000 regions...

Initialized 2476976 regions it total

Starting constructing transcripts for RNA-seq stats...
Finished constructing transcripts

Starting BAM file analysis

Analyzed 2000000 reads...
Analyzed 2500000 reads...
Analyzed 3000000 reads...
Analyzed 3500000 reads...
Analyzed 4000000 reads...
Analyzed 4500000 reads...
Analyzed 5000000 reads...
Analyzed 5500000 reads...
Analyzed 6500000 reads...
Analyzed 7000000 reads...
Analyzed 7500000 reads...
Analyzed 8000000 reads...
Analyzed 8500000 reads...
Analyzed 9000000 reads...
Analyzed 9500000 reads...
Analyzed 10000000 reads...
Analyzed 10500000 reads...
Analyzed 11000000 reads...
Analyzed 11500000 reads...
Analyzed 12000000 reads...
Analyzed 12500000 reads...
Analyzed 13000000 reads...
Analyzed 13500000 reads...
Analyzed 14000000 reads...
Analyzed 14500000 reads...
Analyzed 15000000 reads...
Analyzed 15500000 reads...
Analyzed 16000000 reads...
Analyzed 16500000 reads...
Analyzed 17000000 reads...
Analyzed 18500000 reads...
Analyzed 19500000 reads...
Analyzed 20000000 reads...
Analyzed 20500000 reads...
Analyzed 21000000 reads...
Analyzed 21500000 reads...
Analyzed 22500000 reads...
Analyzed 23000000 reads...
Analyzed 23500000 reads...
Analyzed 24000000 reads...
Analyzed 24500000 reads...
Analyzed 25000000 reads...
Analyzed 25500000 reads...
Analyzed 27000000 reads...
Analyzed 27500000 reads...
Analyzed 28000000 reads...
Analyzed 28500000 reads...
Analyzed 30000000 reads...
Analyzed 30500000 reads...
Analyzed 31000000 reads...
Analyzed 31500000 reads...
Analyzed 32000000 reads...
Analyzed 33000000 reads...
Analyzed 33500000 reads...
Analyzed 34000000 reads...
Analyzed 34500000 reads...
Analyzed 35000000 reads...
Analyzed 35500000 reads...
Analyzed 36000000 reads...
Analyzed 36500000 reads...
Analyzed 37000000 reads...
Analyzed 37500000 reads...
Analyzed 38000000 reads...
Analyzed 38500000 reads...
Analyzed 39000000 reads...
Analyzed 39500000 reads...
Analyzed 40000000 reads...
Analyzed 40500000 reads...
Analyzed 41000000 reads...
Analyzed 41500000 reads...
Analyzed 42000000 reads...
Analyzed 42500000 reads...
Analyzed 43000000 reads...
Analyzed 43500000 reads...
Analyzed 44000000 reads...
Analyzed 44500000 reads...
Analyzed 45500000 reads...
Analyzed 46000000 reads...
Analyzed 46500000 reads...
Analyzed 47000000 reads...
Analyzed 47500000 reads...
Analyzed 48000000 reads...
Analyzed 48500000 reads...
Analyzed 49000000 reads...
Analyzed 49500000 reads...
Analyzed 50500000 reads...
Analyzed 51000000 reads...
Analyzed 51500000 reads...
Analyzed 52000000 reads...
Analyzed 52500000 reads...
Analyzed 53000000 reads...
Analyzed 53500000 reads...
Analyzed 54500000 reads...
Analyzed 55000000 reads...
Analyzed 55500000 reads...
Analyzed 56000000 reads...
Analyzed 56500000 reads...
Analyzed 57000000 reads...
Analyzed 57500000 reads...
Analyzed 58000000 reads...
Analyzed 58500000 reads...
Analyzed 59000000 reads...
Analyzed 59500000 reads...
Analyzed 60000000 reads...
Analyzed 60500000 reads...
Analyzed 61000000 reads...
Analyzed 61500000 reads...
Analyzed 62500000 reads...
Analyzed 63000000 reads...
Analyzed 63500000 reads...
Analyzed 64000000 reads...
Analyzed 64500000 reads...
Analyzed 65000000 reads...
Analyzed 66500000 reads...
Analyzed 67000000 reads...

Processed 67054766 reads in total

BAM file analysis finished
Creating plots
Writing HTML report...
HTML report created successfully

Java memory size is set to 8G
Launching application...

QualiMap v.2.2.1
Built on 2016-10-03 18:14

Selected tool: rnaseq
Initializing regions from ../../genome/Mus_musculus.GRCm39.115.gtf...

Initialized 100000 regions...
Initialized 200000 regions...
Initialized 300000 regions...
Initialized 400000 regions...
Initialized 500000 regions...
Initialized 600000 regions...
Initialized 700000 regions...
Initialized 800000 regions...
Initialized 900000 regions...
Initialized 1000000 regions...
Initialized 1100000 regions...
Initialized 1200000 regions...
Initialized 1300000 regions...
Initialized 1400000 regions...
Initialized 1500000 regions...
Initialized 1600000 regions...
Initialized 1700000 regions...
Initialized 1800000 regions...
Initialized 1900000 regions...
Initialized 2000000 regions...
Initialized 2100000 regions...
Initialized 2200000 regions...
Initialized 2300000 regions...
Initialized 2400000 regions...

Initialized 2476976 regions it total

Starting constructing transcripts for RNA-seq stats...
Finished constructing transcripts

Starting BAM file analysis

Analyzed 3000000 reads...
Analyzed 3500000 reads...
Analyzed 4000000 reads...
Analyzed 4500000 reads...
Analyzed 5000000 reads...
Analyzed 5500000 reads...
Analyzed 6000000 reads...
Analyzed 6500000 reads...
Analyzed 7000000 reads...
Analyzed 7500000 reads...
Analyzed 8000000 reads...
Analyzed 8500000 reads...
Analyzed 9000000 reads...
Analyzed 9500000 reads...
Analyzed 10000000 reads...
Analyzed 10500000 reads...
Analyzed 11000000 reads...
Analyzed 11500000 reads...
Analyzed 12500000 reads...
Analyzed 13000000 reads...
Analyzed 13500000 reads...
Analyzed 14000000 reads...
Analyzed 14500000 reads...
Analyzed 15000000 reads...
Analyzed 15500000 reads...
Analyzed 16000000 reads...
Analyzed 16500000 reads...
Analyzed 17000000 reads...
Analyzed 17500000 reads...
Analyzed 18000000 reads...
Analyzed 18500000 reads...
Analyzed 19000000 reads...
Analyzed 19500000 reads...
Analyzed 20000000 reads...
Analyzed 20500000 reads...
Analyzed 21000000 reads...
Analyzed 21500000 reads...
Analyzed 22000000 reads...
Analyzed 22500000 reads...
Analyzed 23500000 reads...
Analyzed 24000000 reads...
Analyzed 24500000 reads...
Analyzed 25000000 reads...
Analyzed 25500000 reads...
Analyzed 27000000 reads...
Analyzed 27500000 reads...
Analyzed 28000000 reads...
Analyzed 28500000 reads...
Analyzed 29000000 reads...
Analyzed 30500000 reads...
Analyzed 31500000 reads...
Analyzed 32000000 reads...
Analyzed 32500000 reads...
Analyzed 33000000 reads...
Analyzed 33500000 reads...
Analyzed 34000000 reads...
Analyzed 34500000 reads...
Analyzed 35000000 reads...
Analyzed 35500000 reads...
Analyzed 36000000 reads...
Analyzed 36500000 reads...
Analyzed 37000000 reads...
Analyzed 37500000 reads...
Analyzed 38000000 reads...
Analyzed 38500000 reads...
Analyzed 39000000 reads...
Analyzed 39500000 reads...
Analyzed 40000000 reads...
Analyzed 40500000 reads...
Analyzed 41000000 reads...
Analyzed 41500000 reads...
Analyzed 42000000 reads...
Analyzed 42500000 reads...
Analyzed 43000000 reads...
Analyzed 43500000 reads...
Analyzed 44000000 reads...
Analyzed 44500000 reads...
Analyzed 45000000 reads...
Analyzed 45500000 reads...
Analyzed 46000000 reads...
Analyzed 46500000 reads...
Analyzed 47000000 reads...
Analyzed 47500000 reads...
Analyzed 48000000 reads...
Analyzed 48500000 reads...
Analyzed 49000000 reads...
Analyzed 49500000 reads...
Analyzed 50000000 reads...
Analyzed 50500000 reads...
Analyzed 51000000 reads...
Analyzed 51500000 reads...
Analyzed 52000000 reads...
Analyzed 52500000 reads...
Analyzed 53000000 reads...
Analyzed 54000000 reads...
Analyzed 54500000 reads...
Analyzed 55000000 reads...
Analyzed 55500000 reads...
Analyzed 56000000 reads...
Analyzed 57000000 reads...
Analyzed 58000000 reads...
Analyzed 58500000 reads...
Analyzed 59000000 reads...
Analyzed 59500000 reads...
Analyzed 60000000 reads...
Analyzed 60500000 reads...
Analyzed 61000000 reads...
Analyzed 61500000 reads...
Analyzed 62000000 reads...
Analyzed 62500000 reads...
Analyzed 63000000 reads...
Analyzed 63500000 reads...
Analyzed 64500000 reads...
Analyzed 65000000 reads...
Analyzed 65500000 reads...
Analyzed 66000000 reads...
Analyzed 66500000 reads...
Analyzed 67000000 reads...
Analyzed 67500000 reads...
Analyzed 68500000 reads...
Analyzed 69000000 reads...
Analyzed 69500000 reads...
Analyzed 70000000 reads...
Analyzed 70500000 reads...
Analyzed 71000000 reads...
Analyzed 71500000 reads...
Analyzed 72500000 reads...
Analyzed 73000000 reads...
Analyzed 74500000 reads...
Analyzed 75000000 reads...
Analyzed 75500000 reads...
Analyzed 76000000 reads...
Analyzed 76500000 reads...
Analyzed 77000000 reads...
Analyzed 77500000 reads...
Analyzed 78000000 reads...
Analyzed 81000000 reads...
Analyzed 81500000 reads...

Processed 81868244 reads in total

BAM file analysis finished
Creating plots
Writing HTML report...
HTML report created successfully

Java memory size is set to 8G
Launching application...

QualiMap v.2.2.1
Built on 2016-10-03 18:14

Selected tool: rnaseq
Initializing regions from ../../genome/Mus_musculus.GRCm39.115.gtf...

Initialized 100000 regions...
Initialized 200000 regions...
Initialized 300000 regions...
Initialized 400000 regions...
Initialized 500000 regions...
Initialized 600000 regions...
Initialized 700000 regions...
Initialized 800000 regions...
Initialized 900000 regions...
Initialized 1000000 regions...
Initialized 1100000 regions...
Initialized 1200000 regions...
Initialized 1300000 regions...
Initialized 1400000 regions...
Initialized 1500000 regions...
Initialized 1600000 regions...
Initialized 1700000 regions...
Initialized 1800000 regions...
Initialized 1900000 regions...
Initialized 2000000 regions...
Initialized 2100000 regions...
Initialized 2200000 regions...
Initialized 2300000 regions...
Initialized 2400000 regions...

Initialized 2476976 regions it total

Starting constructing transcripts for RNA-seq stats...
Finished constructing transcripts

Starting BAM file analysis

Analyzed 2000000 reads...
Analyzed 2500000 reads...
Analyzed 3000000 reads...
Analyzed 3500000 reads...
Analyzed 4000000 reads...
Analyzed 4500000 reads...
Analyzed 5000000 reads...
Analyzed 5500000 reads...
Analyzed 6000000 reads...
Analyzed 6500000 reads...
Analyzed 7000000 reads...
Analyzed 7500000 reads...
Analyzed 8000000 reads...
Analyzed 8500000 reads...
Analyzed 9000000 reads...
Analyzed 9500000 reads...
Analyzed 10000000 reads...
Analyzed 10500000 reads...
Analyzed 11000000 reads...
Analyzed 11500000 reads...
Analyzed 12000000 reads...
Analyzed 12500000 reads...
Analyzed 13000000 reads...
Analyzed 13500000 reads...
Analyzed 14000000 reads...
Analyzed 14500000 reads...
Analyzed 15000000 reads...
Analyzed 15500000 reads...
Analyzed 16000000 reads...
Analyzed 16500000 reads...
Analyzed 17000000 reads...
Analyzed 17500000 reads...
Analyzed 18000000 reads...
Analyzed 18500000 reads...
Analyzed 19000000 reads...
Analyzed 19500000 reads...
Analyzed 20000000 reads...
Analyzed 20500000 reads...
Analyzed 21000000 reads...
Analyzed 21500000 reads...
Analyzed 22000000 reads...
Analyzed 22500000 reads...
Analyzed 23000000 reads...
Analyzed 23500000 reads...
Analyzed 24500000 reads...
Analyzed 25000000 reads...
Analyzed 25500000 reads...
Analyzed 26000000 reads...
Analyzed 26500000 reads...
Analyzed 27000000 reads...
Analyzed 27500000 reads...
Analyzed 28000000 reads...
Analyzed 28500000 reads...
Analyzed 29000000 reads...
Analyzed 29500000 reads...
Analyzed 30000000 reads...
Analyzed 30500000 reads...
Analyzed 31000000 reads...
Analyzed 31500000 reads...
Analyzed 32500000 reads...
Analyzed 33000000 reads...
Analyzed 33500000 reads...
Analyzed 34000000 reads...
Analyzed 34500000 reads...
Analyzed 35000000 reads...
Analyzed 35500000 reads...
Analyzed 36000000 reads...
Analyzed 36500000 reads...
Analyzed 37000000 reads...
Analyzed 37500000 reads...
Analyzed 38000000 reads...
Analyzed 38500000 reads...
Analyzed 39000000 reads...
Analyzed 39500000 reads...
Analyzed 40000000 reads...
Analyzed 40500000 reads...
Analyzed 41000000 reads...
Analyzed 41500000 reads...
Analyzed 42000000 reads...
Analyzed 42500000 reads...
Analyzed 43000000 reads...
Analyzed 43500000 reads...
Analyzed 44000000 reads...
Analyzed 44500000 reads...
Analyzed 45000000 reads...
Analyzed 45500000 reads...
Analyzed 46000000 reads...
Analyzed 46500000 reads...
Analyzed 47000000 reads...
Analyzed 47500000 reads...
Analyzed 48000000 reads...
Analyzed 48500000 reads...
Analyzed 49000000 reads...
Analyzed 49500000 reads...
Analyzed 50000000 reads...
Analyzed 50500000 reads...
Analyzed 51000000 reads...
Analyzed 51500000 reads...
Analyzed 52000000 reads...
Analyzed 52500000 reads...
Analyzed 53000000 reads...
Analyzed 53500000 reads...
Analyzed 54000000 reads...
Analyzed 54500000 reads...
Analyzed 55000000 reads...
Analyzed 55500000 reads...
Analyzed 56000000 reads...
Analyzed 56500000 reads...
Analyzed 57000000 reads...
Analyzed 57500000 reads...
Analyzed 58000000 reads...
Analyzed 58500000 reads...
Analyzed 59000000 reads...
Analyzed 59500000 reads...
Analyzed 60000000 reads...
Analyzed 60500000 reads...
Analyzed 61000000 reads...
Analyzed 61500000 reads...
Analyzed 62500000 reads...
Analyzed 63000000 reads...
Analyzed 63500000 reads...
Analyzed 64000000 reads...
Analyzed 64500000 reads...
Analyzed 65000000 reads...
Analyzed 65500000 reads...
Analyzed 66000000 reads...
Analyzed 66500000 reads...
Analyzed 67000000 reads...
Analyzed 67500000 reads...
Analyzed 68000000 reads...
Analyzed 68500000 reads...
Analyzed 69000000 reads...
Analyzed 69500000 reads...
Analyzed 70000000 reads...
Analyzed 70500000 reads...
Analyzed 71000000 reads...
Analyzed 71500000 reads...
Analyzed 72000000 reads...
Analyzed 72500000 reads...
Analyzed 73000000 reads...
Analyzed 74000000 reads...
Analyzed 74500000 reads...
Analyzed 75000000 reads...
Analyzed 75500000 reads...
Analyzed 76000000 reads...
Analyzed 76500000 reads...
Analyzed 77000000 reads...
Analyzed 77500000 reads...
Analyzed 79000000 reads...
Analyzed 79500000 reads...
Analyzed 80000000 reads...
Analyzed 80500000 reads...
Analyzed 81000000 reads...
Analyzed 81500000 reads...
Analyzed 83500000 reads...

Processed 83982075 reads in total

BAM file analysis finished
Creating plots
Writing HTML report...
HTML report created successfully

Java memory size is set to 8G
Launching application...

QualiMap v.2.2.1
Built on 2016-10-03 18:14

Selected tool: rnaseq
Initializing regions from ../../genome/Mus_musculus.GRCm39.115.gtf...

Initialized 100000 regions...
Initialized 200000 regions...
Initialized 300000 regions...
Initialized 400000 regions...
Initialized 500000 regions...
Initialized 600000 regions...
Initialized 700000 regions...
Initialized 800000 regions...
Initialized 900000 regions...
Initialized 1000000 regions...
Initialized 1100000 regions...
Initialized 1200000 regions...
Initialized 1300000 regions...
Initialized 1400000 regions...
Initialized 1500000 regions...
Initialized 1600000 regions...
Initialized 1700000 regions...
Initialized 1800000 regions...
Initialized 1900000 regions...
Initialized 2000000 regions...
Initialized 2100000 regions...
Initialized 2200000 regions...
Initialized 2300000 regions...
Initialized 2400000 regions...

Initialized 2476976 regions it total

Starting constructing transcripts for RNA-seq stats...
Finished constructing transcripts

Starting BAM file analysis

Analyzed 1500000 reads...
Analyzed 2000000 reads...
Analyzed 2500000 reads...
Analyzed 3000000 reads...
Analyzed 3500000 reads...
Analyzed 4000000 reads...
Analyzed 4500000 reads...
Analyzed 5000000 reads...
Analyzed 5500000 reads...
Analyzed 6000000 reads...
Analyzed 6500000 reads...
Analyzed 7000000 reads...
Analyzed 7500000 reads...
Analyzed 8000000 reads...
Analyzed 8500000 reads...
Analyzed 9000000 reads...
Analyzed 9500000 reads...
Analyzed 10000000 reads...
Analyzed 10500000 reads...
Analyzed 11000000 reads...
Analyzed 11500000 reads...
Analyzed 12000000 reads...
Analyzed 12500000 reads...
Analyzed 13000000 reads...
Analyzed 13500000 reads...
Analyzed 14000000 reads...
Analyzed 14500000 reads...
Analyzed 15000000 reads...
Analyzed 15500000 reads...
Analyzed 16000000 reads...
Analyzed 17000000 reads...
Analyzed 17500000 reads...
Analyzed 18000000 reads...
Analyzed 18500000 reads...
Analyzed 19000000 reads...
Analyzed 19500000 reads...
Analyzed 20000000 reads...
Analyzed 21000000 reads...
Analyzed 21500000 reads...
Analyzed 22000000 reads...
Analyzed 22500000 reads...
Analyzed 23000000 reads...
Analyzed 23500000 reads...
Analyzed 24000000 reads...
Analyzed 24500000 reads...
Analyzed 25000000 reads...
Analyzed 25500000 reads...
Analyzed 26000000 reads...
Analyzed 26500000 reads...
Analyzed 27500000 reads...
Analyzed 28000000 reads...
Analyzed 29000000 reads...
Analyzed 30000000 reads...
Analyzed 31000000 reads...
Analyzed 31500000 reads...
Analyzed 32000000 reads...
Analyzed 32500000 reads...
Analyzed 33500000 reads...
Analyzed 34000000 reads...
Analyzed 34500000 reads...
Analyzed 35500000 reads...
Analyzed 36000000 reads...
Analyzed 36500000 reads...
Analyzed 37500000 reads...
Analyzed 38000000 reads...
Analyzed 38500000 reads...
Analyzed 40000000 reads...
Analyzed 40500000 reads...
Analyzed 41000000 reads...
Analyzed 41500000 reads...
Analyzed 42000000 reads...
Analyzed 42500000 reads...
Analyzed 43000000 reads...
Analyzed 43500000 reads...
Analyzed 44000000 reads...
Analyzed 44500000 reads...
Analyzed 45000000 reads...
Analyzed 45500000 reads...
Analyzed 46000000 reads...
Analyzed 46500000 reads...
Analyzed 47000000 reads...
Analyzed 47500000 reads...
Analyzed 48000000 reads...
Analyzed 49500000 reads...
Analyzed 50000000 reads...
Analyzed 51000000 reads...
Analyzed 51500000 reads...
Analyzed 52000000 reads...
Analyzed 52500000 reads...
Analyzed 53000000 reads...
Analyzed 53500000 reads...
Analyzed 54000000 reads...
Analyzed 54500000 reads...
Analyzed 55000000 reads...
Analyzed 55500000 reads...
Analyzed 56000000 reads...
Analyzed 57000000 reads...
Analyzed 57500000 reads...
Analyzed 58000000 reads...
Analyzed 58500000 reads...
Analyzed 59000000 reads...
Analyzed 59500000 reads...
Analyzed 60000000 reads...
Analyzed 60500000 reads...
Analyzed 61000000 reads...
Analyzed 61500000 reads...
Analyzed 62000000 reads...
Analyzed 62500000 reads...
Analyzed 63000000 reads...
Analyzed 63500000 reads...
Analyzed 64000000 reads...
Analyzed 64500000 reads...
Analyzed 65000000 reads...
Analyzed 65500000 reads...
Analyzed 66500000 reads...
Analyzed 67000000 reads...
Analyzed 67500000 reads...
Analyzed 68000000 reads...
Analyzed 68500000 reads...
Analyzed 69500000 reads...
Analyzed 70000000 reads...
Analyzed 70500000 reads...
Analyzed 71000000 reads...
Analyzed 71500000 reads...
Analyzed 72000000 reads...
Analyzed 72500000 reads...
Analyzed 73000000 reads...
Analyzed 73500000 reads...
Analyzed 74000000 reads...
Analyzed 74500000 reads...
Analyzed 75000000 reads...
Analyzed 75500000 reads...
Analyzed 76000000 reads...
Analyzed 76500000 reads...
Analyzed 77000000 reads...
Analyzed 77500000 reads...
Analyzed 78000000 reads...
Analyzed 78500000 reads...
Analyzed 79000000 reads...
Analyzed 79500000 reads...
Analyzed 80000000 reads...
Analyzed 80500000 reads...
Analyzed 81000000 reads...
Analyzed 82000000 reads...
Analyzed 82500000 reads...
Analyzed 84000000 reads...

Processed 84365054 reads in total

BAM file analysis finished
Creating plots
Writing HTML report...
HTML report created successfully

Java memory size is set to 8G
Launching application...

QualiMap v.2.2.1
Built on 2016-10-03 18:14

Selected tool: rnaseq
Initializing regions from ../../genome/Mus_musculus.GRCm39.115.gtf...

Initialized 100000 regions...
Initialized 200000 regions...
Initialized 300000 regions...
Initialized 400000 regions...
Initialized 500000 regions...
Initialized 600000 regions...
Initialized 700000 regions...
Initialized 800000 regions...
Initialized 900000 regions...
Initialized 1000000 regions...
Initialized 1100000 regions...
Initialized 1200000 regions...
Initialized 1300000 regions...
Initialized 1400000 regions...
Initialized 1500000 regions...
Initialized 1600000 regions...
Initialized 1700000 regions...
Initialized 1800000 regions...
Initialized 1900000 regions...
Initialized 2000000 regions...
Initialized 2100000 regions...
Initialized 2200000 regions...
Initialized 2300000 regions...
Initialized 2400000 regions...

Initialized 2476976 regions it total

Starting constructing transcripts for RNA-seq stats...
Finished constructing transcripts

Starting BAM file analysis

Analyzed 3000000 reads...
Analyzed 4000000 reads...
Analyzed 4500000 reads...
Analyzed 5000000 reads...
Analyzed 5500000 reads...
Analyzed 6000000 reads...
Analyzed 6500000 reads...
Analyzed 7000000 reads...
Analyzed 7500000 reads...
Analyzed 8000000 reads...
Analyzed 8500000 reads...
Analyzed 9000000 reads...
Analyzed 9500000 reads...
Analyzed 10000000 reads...
Analyzed 10500000 reads...
Analyzed 11000000 reads...
Analyzed 11500000 reads...
Analyzed 12000000 reads...
Analyzed 12500000 reads...
Analyzed 13000000 reads...
Analyzed 13500000 reads...
Analyzed 14000000 reads...
Analyzed 14500000 reads...
Analyzed 15000000 reads...
Analyzed 15500000 reads...
Analyzed 16000000 reads...
Analyzed 16500000 reads...
Analyzed 17500000 reads...
Analyzed 18000000 reads...
Analyzed 18500000 reads...
Analyzed 19500000 reads...
Analyzed 20000000 reads...
Analyzed 20500000 reads...
Analyzed 21000000 reads...
Analyzed 22000000 reads...
Analyzed 22500000 reads...
Analyzed 23000000 reads...
Analyzed 23500000 reads...
Analyzed 24000000 reads...
Analyzed 24500000 reads...
Analyzed 25000000 reads...
Analyzed 25500000 reads...
Analyzed 26000000 reads...
Analyzed 26500000 reads...
Analyzed 27500000 reads...
Analyzed 28000000 reads...
Analyzed 28500000 reads...
Analyzed 29000000 reads...
Analyzed 29500000 reads...
Analyzed 30000000 reads...
Analyzed 30500000 reads...
Analyzed 31000000 reads...
Analyzed 31500000 reads...
Analyzed 32000000 reads...
Analyzed 32500000 reads...
Analyzed 33000000 reads...
Analyzed 33500000 reads...
Analyzed 34000000 reads...
Analyzed 34500000 reads...
Analyzed 35000000 reads...
Analyzed 35500000 reads...
Analyzed 36000000 reads...
Analyzed 36500000 reads...
Analyzed 37000000 reads...
Analyzed 37500000 reads...
Analyzed 38000000 reads...
Analyzed 38500000 reads...
Analyzed 39000000 reads...
Analyzed 39500000 reads...
Analyzed 40500000 reads...
Analyzed 41000000 reads...
Analyzed 41500000 reads...
Analyzed 42000000 reads...
Analyzed 42500000 reads...
Analyzed 43000000 reads...
Analyzed 43500000 reads...
Analyzed 44000000 reads...
Analyzed 44500000 reads...
Analyzed 45500000 reads...
Analyzed 46000000 reads...
Analyzed 46500000 reads...
Analyzed 47000000 reads...
Analyzed 47500000 reads...
Analyzed 48000000 reads...
Analyzed 49000000 reads...
Analyzed 49500000 reads...
Analyzed 50500000 reads...
Analyzed 51500000 reads...
Analyzed 52000000 reads...
Analyzed 52500000 reads...
Analyzed 53000000 reads...
Analyzed 53500000 reads...
Analyzed 54000000 reads...
Analyzed 54500000 reads...
Analyzed 55000000 reads...
Analyzed 55500000 reads...
Analyzed 56000000 reads...
Analyzed 56500000 reads...
Analyzed 57000000 reads...
Analyzed 57500000 reads...
Analyzed 58000000 reads...
Analyzed 58500000 reads...
Analyzed 59000000 reads...
Analyzed 59500000 reads...
Analyzed 60000000 reads...
Analyzed 61000000 reads...
Analyzed 61500000 reads...
Analyzed 62000000 reads...
Analyzed 62500000 reads...
Analyzed 63000000 reads...
Analyzed 63500000 reads...
Analyzed 64000000 reads...
Analyzed 64500000 reads...
Analyzed 65000000 reads...
Analyzed 65500000 reads...
Analyzed 66000000 reads...
Analyzed 66500000 reads...
Analyzed 67000000 reads...
Analyzed 67500000 reads...
Analyzed 70000000 reads...
Analyzed 70500000 reads...

Processed 70549286 reads in total

BAM file analysis finished
Creating plots
Writing HTML report...
HTML report created successfully

Java memory size is set to 8G
Launching application...

QualiMap v.2.2.1
Built on 2016-10-03 18:14

Selected tool: rnaseq
Initializing regions from ../../genome/Mus_musculus.GRCm39.115.gtf...

Initialized 100000 regions...
Initialized 200000 regions...
Initialized 300000 regions...
Initialized 400000 regions...
Initialized 500000 regions...
Initialized 600000 regions...
Initialized 700000 regions...
Initialized 800000 regions...
Initialized 900000 regions...
Initialized 1000000 regions...
Initialized 1100000 regions...
Initialized 1200000 regions...
Initialized 1300000 regions...
Initialized 1400000 regions...
Initialized 1500000 regions...
Initialized 1600000 regions...
Initialized 1700000 regions...
Initialized 1800000 regions...
Initialized 1900000 regions...
Initialized 2000000 regions...
Initialized 2100000 regions...
Initialized 2200000 regions...
Initialized 2300000 regions...
Initialized 2400000 regions...

Initialized 2476976 regions it total

Starting constructing transcripts for RNA-seq stats...
Finished constructing transcripts

Starting BAM file analysis

Analyzed 2500000 reads...
Analyzed 3000000 reads...
Analyzed 3500000 reads...
Analyzed 4500000 reads...
Analyzed 5000000 reads...
Analyzed 5500000 reads...
Analyzed 6000000 reads...
Analyzed 6500000 reads...
Analyzed 7000000 reads...
Analyzed 8000000 reads...
Analyzed 8500000 reads...
Analyzed 9000000 reads...
Analyzed 9500000 reads...
Analyzed 10000000 reads...
Analyzed 10500000 reads...
Analyzed 12000000 reads...
Analyzed 13000000 reads...
Analyzed 13500000 reads...
Analyzed 14000000 reads...
Analyzed 14500000 reads...
Analyzed 15000000 reads...
Analyzed 15500000 reads...
Analyzed 16000000 reads...
Analyzed 16500000 reads...
Analyzed 17000000 reads...
Analyzed 17500000 reads...
Analyzed 18000000 reads...
Analyzed 19000000 reads...
Analyzed 19500000 reads...
Analyzed 20000000 reads...
Analyzed 20500000 reads...
Analyzed 21000000 reads...
Analyzed 21500000 reads...
Analyzed 22000000 reads...
Analyzed 22500000 reads...
Analyzed 23000000 reads...
Analyzed 23500000 reads...
Analyzed 24000000 reads...
Analyzed 24500000 reads...
Analyzed 25000000 reads...
Analyzed 25500000 reads...
Analyzed 26000000 reads...
Analyzed 26500000 reads...
Analyzed 27000000 reads...
Analyzed 27500000 reads...
Analyzed 28000000 reads...
Analyzed 28500000 reads...
Analyzed 29000000 reads...
Analyzed 29500000 reads...
Analyzed 30000000 reads...
Analyzed 30500000 reads...
Analyzed 31000000 reads...
Analyzed 31500000 reads...
Analyzed 32000000 reads...
Analyzed 32500000 reads...
Analyzed 33000000 reads...
Analyzed 33500000 reads...
Analyzed 34000000 reads...
Analyzed 34500000 reads...
Analyzed 35000000 reads...
Analyzed 36000000 reads...
Analyzed 36500000 reads...
Analyzed 37000000 reads...
Analyzed 37500000 reads...
Analyzed 38000000 reads...
Analyzed 38500000 reads...
Analyzed 39000000 reads...
Analyzed 39500000 reads...
Analyzed 40000000 reads...
Analyzed 40500000 reads...
Analyzed 41000000 reads...
Analyzed 41500000 reads...
Analyzed 42000000 reads...
Analyzed 42500000 reads...
Analyzed 43000000 reads...
Analyzed 43500000 reads...
Analyzed 44000000 reads...
Analyzed 44500000 reads...
Analyzed 45000000 reads...
Analyzed 45500000 reads...
Analyzed 46000000 reads...
Analyzed 46500000 reads...
Analyzed 47000000 reads...
Analyzed 47500000 reads...
Analyzed 48000000 reads...
Analyzed 48500000 reads...
Analyzed 49500000 reads...
Analyzed 50000000 reads...
Analyzed 50500000 reads...
Analyzed 51500000 reads...
Analyzed 52000000 reads...
Analyzed 52500000 reads...
Analyzed 53000000 reads...
Analyzed 53500000 reads...
Analyzed 54000000 reads...
Analyzed 54500000 reads...
Analyzed 55500000 reads...
Analyzed 56000000 reads...
Analyzed 56500000 reads...
Analyzed 57000000 reads...
Analyzed 57500000 reads...
Analyzed 58000000 reads...
Analyzed 58500000 reads...
Analyzed 59000000 reads...
Analyzed 59500000 reads...
Analyzed 60000000 reads...
Analyzed 60500000 reads...
Analyzed 61000000 reads...
Analyzed 61500000 reads...
Analyzed 62000000 reads...
Analyzed 62500000 reads...
Analyzed 63000000 reads...
Analyzed 63500000 reads...
Analyzed 64000000 reads...
Analyzed 64500000 reads...
Analyzed 65000000 reads...
Analyzed 65500000 reads...
Analyzed 66000000 reads...
Analyzed 67500000 reads...
Analyzed 68000000 reads...
Analyzed 68500000 reads...
Analyzed 69000000 reads...
Analyzed 69500000 reads...
Analyzed 70000000 reads...
Analyzed 70500000 reads...
Analyzed 71000000 reads...
Analyzed 71500000 reads...
Analyzed 72000000 reads...
Analyzed 72500000 reads...
Analyzed 73500000 reads...
Analyzed 74000000 reads...
Analyzed 74500000 reads...
Analyzed 75000000 reads...
Analyzed 75500000 reads...
Analyzed 76000000 reads...
Analyzed 76500000 reads...
Analyzed 77000000 reads...
Analyzed 77500000 reads...
Analyzed 78000000 reads...
Analyzed 78500000 reads...
Analyzed 79000000 reads...
Analyzed 79500000 reads...
Analyzed 80000000 reads...
Analyzed 80500000 reads...
Analyzed 81500000 reads...
Analyzed 82000000 reads...
Analyzed 82500000 reads...
Analyzed 83000000 reads...
Analyzed 83500000 reads...
Analyzed 84000000 reads...
Analyzed 86500000 reads...
Analyzed 87000000 reads...

Processed 87006185 reads in total

BAM file analysis finished
Creating plots
Writing HTML report...
HTML report created successfully

Java memory size is set to 8G
Launching application...

QualiMap v.2.2.1
Built on 2016-10-03 18:14

Selected tool: rnaseq
Initializing regions from ../../genome/Mus_musculus.GRCm39.115.gtf...

Initialized 100000 regions...
Initialized 200000 regions...
Initialized 300000 regions...
Initialized 400000 regions...
Initialized 500000 regions...
Initialized 600000 regions...
Initialized 700000 regions...
Initialized 800000 regions...
Initialized 900000 regions...
Initialized 1000000 regions...
Initialized 1100000 regions...
Initialized 1200000 regions...
Initialized 1300000 regions...
Initialized 1400000 regions...
Initialized 1500000 regions...
Initialized 1600000 regions...
Initialized 1700000 regions...
Initialized 1800000 regions...
Initialized 1900000 regions...
Initialized 2000000 regions...
Initialized 2100000 regions...
Initialized 2200000 regions...
Initialized 2300000 regions...
Initialized 2400000 regions...

Initialized 2476976 regions it total

Starting constructing transcripts for RNA-seq stats...
Finished constructing transcripts

Starting BAM file analysis

Analyzed 4000000 reads...
Analyzed 4500000 reads...
Analyzed 5000000 reads...
Analyzed 5500000 reads...
Analyzed 6500000 reads...
Analyzed 7000000 reads...
Analyzed 7500000 reads...
Analyzed 8000000 reads...
Analyzed 8500000 reads...
Analyzed 9500000 reads...
Analyzed 10000000 reads...
Analyzed 10500000 reads...
Analyzed 11000000 reads...
Analyzed 11500000 reads...
Analyzed 12000000 reads...
Analyzed 12500000 reads...
Analyzed 13000000 reads...
Analyzed 13500000 reads...
Analyzed 14000000 reads...
Analyzed 14500000 reads...
Analyzed 15000000 reads...
Analyzed 15500000 reads...
Analyzed 16000000 reads...
Analyzed 16500000 reads...
Analyzed 17000000 reads...
Analyzed 17500000 reads...
Analyzed 18000000 reads...
Analyzed 18500000 reads...
Analyzed 19000000 reads...
Analyzed 19500000 reads...
Analyzed 20000000 reads...
Analyzed 20500000 reads...
Analyzed 21000000 reads...
Analyzed 21500000 reads...
Analyzed 22000000 reads...
Analyzed 22500000 reads...
Analyzed 23000000 reads...
Analyzed 23500000 reads...
Analyzed 24000000 reads...
Analyzed 24500000 reads...
Analyzed 25000000 reads...
Analyzed 25500000 reads...
Analyzed 26000000 reads...
Analyzed 26500000 reads...
Analyzed 27000000 reads...
Analyzed 27500000 reads...
Analyzed 28000000 reads...
Analyzed 28500000 reads...
Analyzed 29500000 reads...
Analyzed 30000000 reads...
Analyzed 30500000 reads...
Analyzed 31000000 reads...
Analyzed 31500000 reads...
Analyzed 32000000 reads...
Analyzed 32500000 reads...
Analyzed 33000000 reads...
Analyzed 33500000 reads...
Analyzed 34000000 reads...
Analyzed 34500000 reads...
Analyzed 35000000 reads...
Analyzed 36000000 reads...
Analyzed 36500000 reads...
Analyzed 37000000 reads...
Analyzed 37500000 reads...
Analyzed 38000000 reads...
Analyzed 38500000 reads...
Analyzed 39000000 reads...
Analyzed 39500000 reads...
Analyzed 40000000 reads...
Analyzed 40500000 reads...
Analyzed 41000000 reads...
Analyzed 41500000 reads...
Analyzed 42000000 reads...
Analyzed 42500000 reads...
Analyzed 43000000 reads...
Analyzed 43500000 reads...
Analyzed 44000000 reads...
Analyzed 44500000 reads...
Analyzed 45000000 reads...
Analyzed 45500000 reads...
Analyzed 46000000 reads...
Analyzed 46500000 reads...
Analyzed 47000000 reads...
Analyzed 47500000 reads...
Analyzed 48000000 reads...
Analyzed 49000000 reads...
Analyzed 49500000 reads...
Analyzed 50000000 reads...
Analyzed 50500000 reads...
Analyzed 51000000 reads...
Analyzed 51500000 reads...
Analyzed 52000000 reads...
Analyzed 52500000 reads...
Analyzed 53000000 reads...
Analyzed 53500000 reads...
Analyzed 54000000 reads...
Analyzed 54500000 reads...
Analyzed 55500000 reads...
Analyzed 56000000 reads...
Analyzed 56500000 reads...
Analyzed 57000000 reads...
Analyzed 57500000 reads...
Analyzed 58000000 reads...
Analyzed 58500000 reads...
Analyzed 59000000 reads...
Analyzed 59500000 reads...
Analyzed 60000000 reads...
Analyzed 60500000 reads...
Analyzed 61000000 reads...
Analyzed 61500000 reads...
Analyzed 62000000 reads...
Analyzed 62500000 reads...
Analyzed 63000000 reads...
Analyzed 63500000 reads...
Analyzed 64000000 reads...
Analyzed 64500000 reads...
Analyzed 65000000 reads...
Analyzed 65500000 reads...
Analyzed 66000000 reads...
Analyzed 66500000 reads...
Analyzed 67000000 reads...
Analyzed 67500000 reads...
Analyzed 68000000 reads...
Analyzed 68500000 reads...
Analyzed 69500000 reads...
Analyzed 70500000 reads...
Analyzed 71000000 reads...
Analyzed 71500000 reads...
Analyzed 72000000 reads...
Analyzed 72500000 reads...
Analyzed 73000000 reads...
Analyzed 73500000 reads...
Analyzed 74000000 reads...
Analyzed 74500000 reads...
Analyzed 75000000 reads...
Analyzed 75500000 reads...
Analyzed 76000000 reads...
Analyzed 76500000 reads...
Analyzed 77000000 reads...
Analyzed 77500000 reads...
Analyzed 78000000 reads...
Analyzed 78500000 reads...
Analyzed 79000000 reads...
Analyzed 79500000 reads...
Analyzed 80000000 reads...
Analyzed 80500000 reads...
Analyzed 81000000 reads...
Analyzed 82000000 reads...
Analyzed 82500000 reads...
Analyzed 83000000 reads...
Analyzed 83500000 reads...
Analyzed 84000000 reads...
Analyzed 84500000 reads...
Analyzed 85000000 reads...
Analyzed 85500000 reads...
Analyzed 86000000 reads...
Analyzed 86500000 reads...
Analyzed 87000000 reads...
Analyzed 87500000 reads...
Analyzed 88000000 reads...
Analyzed 88500000 reads...
Analyzed 89000000 reads...
Analyzed 89500000 reads...
Analyzed 90000000 reads...
Analyzed 90500000 reads...
Analyzed 91000000 reads...
Analyzed 91500000 reads...
Analyzed 92000000 reads...
Analyzed 92500000 reads...
Analyzed 93000000 reads...
Analyzed 93500000 reads...
Analyzed 94000000 reads...
Analyzed 95500000 reads...
Analyzed 96000000 reads...
Analyzed 96500000 reads...
Analyzed 97500000 reads...
Analyzed 98000000 reads...
Analyzed 98500000 reads...
Analyzed 99000000 reads...
Analyzed 99500000 reads...
Analyzed 100000000 reads...
Analyzed 100500000 reads...
Analyzed 104500000 reads...
Analyzed 105000000 reads...
Analyzed 105500000 reads...

Processed 105606726 reads in total

BAM file analysis finished
Creating plots
Writing HTML report...
HTML report created successfully

Java memory size is set to 8G
Launching application...

QualiMap v.2.2.1
Built on 2016-10-03 18:14

Selected tool: rnaseq
Initializing regions from ../../genome/Mus_musculus.GRCm39.115.gtf...

Initialized 100000 regions...
Initialized 200000 regions...
Initialized 300000 regions...
Initialized 400000 regions...
Initialized 500000 regions...
Initialized 600000 regions...
Initialized 700000 regions...
Initialized 800000 regions...
Initialized 900000 regions...
Initialized 1000000 regions...
Initialized 1100000 regions...
Initialized 1200000 regions...
Initialized 1300000 regions...
Initialized 1400000 regions...
Initialized 1500000 regions...
Initialized 1600000 regions...
Initialized 1700000 regions...
Initialized 1800000 regions...
Initialized 1900000 regions...
Initialized 2000000 regions...
Initialized 2100000 regions...
Initialized 2200000 regions...
Initialized 2300000 regions...
Initialized 2400000 regions...

Initialized 2476976 regions it total

Starting constructing transcripts for RNA-seq stats...
Finished constructing transcripts

Starting BAM file analysis

Analyzed 4000000 reads...
Analyzed 4500000 reads...
Analyzed 5000000 reads...
Analyzed 5500000 reads...
Analyzed 6000000 reads...
Analyzed 6500000 reads...
Analyzed 7000000 reads...
Analyzed 7500000 reads...
Analyzed 8000000 reads...
Analyzed 8500000 reads...
Analyzed 9000000 reads...
Analyzed 9500000 reads...
Analyzed 10000000 reads...
Analyzed 10500000 reads...
Analyzed 11000000 reads...
Analyzed 11500000 reads...
Analyzed 12000000 reads...
Analyzed 12500000 reads...
Analyzed 13000000 reads...
Analyzed 13500000 reads...
Analyzed 14500000 reads...
Analyzed 15000000 reads...
Analyzed 16000000 reads...
Analyzed 16500000 reads...
Analyzed 17000000 reads...
Analyzed 17500000 reads...
Analyzed 18000000 reads...
Analyzed 18500000 reads...
Analyzed 19000000 reads...
Analyzed 19500000 reads...
Analyzed 20000000 reads...
Analyzed 20500000 reads...
Analyzed 21000000 reads...
Analyzed 21500000 reads...
Analyzed 22000000 reads...
Analyzed 22500000 reads...
Analyzed 23000000 reads...
Analyzed 23500000 reads...
Analyzed 24500000 reads...
Analyzed 25000000 reads...
Analyzed 25500000 reads...
Analyzed 26000000 reads...
Analyzed 26500000 reads...
Analyzed 27000000 reads...
Analyzed 27500000 reads...
Analyzed 28000000 reads...
Analyzed 28500000 reads...
Analyzed 29000000 reads...
Analyzed 29500000 reads...
Analyzed 30000000 reads...
Analyzed 30500000 reads...
Analyzed 31000000 reads...
Analyzed 31500000 reads...
Analyzed 32000000 reads...
Analyzed 32500000 reads...
Analyzed 33000000 reads...
Analyzed 33500000 reads...
Analyzed 34500000 reads...
Analyzed 35000000 reads...
Analyzed 35500000 reads...
Analyzed 36000000 reads...
Analyzed 36500000 reads...
Analyzed 37000000 reads...
Analyzed 37500000 reads...
Analyzed 38000000 reads...
Analyzed 38500000 reads...
Analyzed 39000000 reads...
Analyzed 39500000 reads...
Analyzed 40000000 reads...
Analyzed 40500000 reads...
Analyzed 41000000 reads...
Analyzed 41500000 reads...
Analyzed 42000000 reads...
Analyzed 42500000 reads...
Analyzed 43000000 reads...
Analyzed 43500000 reads...
Analyzed 44000000 reads...
Analyzed 44500000 reads...
Analyzed 45000000 reads...
Analyzed 45500000 reads...
Analyzed 46000000 reads...
Analyzed 46500000 reads...
Analyzed 47000000 reads...
Analyzed 47500000 reads...
Analyzed 48000000 reads...
Analyzed 49000000 reads...
Analyzed 49500000 reads...
Analyzed 50000000 reads...
Analyzed 50500000 reads...
Analyzed 51000000 reads...
Analyzed 51500000 reads...
Analyzed 52500000 reads...
Analyzed 53000000 reads...
Analyzed 53500000 reads...
Analyzed 54000000 reads...
Analyzed 54500000 reads...
Analyzed 55000000 reads...
Analyzed 55500000 reads...
Analyzed 56000000 reads...
Analyzed 56500000 reads...
Analyzed 57500000 reads...
Analyzed 58000000 reads...
Analyzed 58500000 reads...
Analyzed 59000000 reads...
Analyzed 59500000 reads...
Analyzed 60000000 reads...
Analyzed 60500000 reads...
Analyzed 61000000 reads...
Analyzed 62000000 reads...
Analyzed 62500000 reads...
Analyzed 63000000 reads...
Analyzed 63500000 reads...
Analyzed 64500000 reads...
Analyzed 65000000 reads...
Analyzed 65500000 reads...
Analyzed 66000000 reads...
Analyzed 66500000 reads...
Analyzed 67000000 reads...
Analyzed 67500000 reads...
Analyzed 68000000 reads...
Analyzed 68500000 reads...
Analyzed 69000000 reads...
Analyzed 69500000 reads...
Analyzed 70000000 reads...
Analyzed 70500000 reads...
Analyzed 71000000 reads...
Analyzed 71500000 reads...
Analyzed 72000000 reads...
Analyzed 72500000 reads...
Analyzed 73000000 reads...
Analyzed 73500000 reads...
Analyzed 74000000 reads...
Analyzed 74500000 reads...
Analyzed 75000000 reads...
Analyzed 75500000 reads...
Analyzed 76000000 reads...
Analyzed 76500000 reads...
Analyzed 77000000 reads...
Analyzed 77500000 reads...
Analyzed 78000000 reads...
Analyzed 78500000 reads...
Analyzed 79000000 reads...
Analyzed 79500000 reads...
Analyzed 80000000 reads...
Analyzed 80500000 reads...
Analyzed 81000000 reads...
Analyzed 81500000 reads...
Analyzed 82000000 reads...
Analyzed 82500000 reads...
Analyzed 83000000 reads...
Analyzed 83500000 reads...
Analyzed 84000000 reads...
Analyzed 84500000 reads...
Analyzed 85000000 reads...
Analyzed 86000000 reads...
Analyzed 86500000 reads...
Analyzed 87000000 reads...
Analyzed 87500000 reads...
Analyzed 88000000 reads...
Analyzed 88500000 reads...
Analyzed 89000000 reads...
Analyzed 89500000 reads...
Analyzed 90000000 reads...
Analyzed 94000000 reads...
Analyzed 94500000 reads...

Processed 94757564 reads in total

BAM file analysis finished
Creating plots
Writing HTML report...
HTML report created successfully

